******************************************************************************
                  TI ARM Linker PC v5.0.1                      
******************************************************************************
>> Linked Sat Oct 25 09:30:48 2014

OUTPUT FILE NAME:   <uart_test.out>
ENTRY POINT SYMBOL: "_c_int00"  address: 000005cd


MEMORY CONFIGURATION

         name            origin    length      used     unused   attr    fill
----------------------  --------  ---------  --------  --------  ----  --------
  FLASH                 00000000   00040000  00000908  0003f6f8  R  X
  SRAM                  20000000   00008000  00000114  00007eec  RW X


SEGMENT ALLOCATION MAP

run origin  load origin   length   init length attrs members
----------  ----------- ---------- ----------- ----- -------
00000000    00000000    00000908   00000908    r-x
  00000000    00000000    000007c4   000007c4    r-x .text
  000007c4    000007c4    00000124   00000124    r-- .const
  000008e8    000008e8    00000020   00000020    r-- .cinit
20000000    20000000    00000100   00000000    rw-
  20000000    20000000    00000100   00000000    rw- .stack
20000100    20000100    00000014   00000014    rw-
  20000100    20000100    00000014   00000014    rw- .data


SECTION ALLOCATION MAP

 output                                  attributes/
section   page    origin      length       input sections
--------  ----  ----------  ----------   ----------------
.text      0    00000000    000007c4     
                  00000000    000001d8     driverlib-cm4f.lib : sysctl.obj (.text:SysCtlClockGet)
                  000001d8    000000fc     uart_debug.obj (.text)
                  000002d4    000000c8     driverlib-cm4f.lib : gpio.obj (.text:GPIOPadConfigSet)
                  0000039c    0000009c     rtsv7M4_T_le_v4SPD16_eabi.lib : memcpy_t2.obj (.text)
                  00000438    00000094                                   : auto_init.obj (.text)
                  000004cc    0000005e                                   : copy_decompress_rle.obj (.text)
                  0000052a    00000002     --HOLE-- [fill = 0]
                  0000052c    00000058     driverlib-cm4f.lib : sysctl.obj (.text:SysCtlPeripheralEnable)
                  00000584    00000048                        : gpio.obj (.text:GPIOPinConfigure)
                  000005cc    00000048     rtsv7M4_T_le_v4SPD16_eabi.lib : boot.obj (.text)
                  00000614    00000044                                   : cpy_tbl.obj (.text)
                  00000658    00000042     driverlib-cm4f.lib : uart.obj (.text:UARTConfigSetExpClk)
                  0000069a    00000002     --HOLE-- [fill = 0]
                  0000069c    00000040     rtsv7M4_T_le_v4SPD16_eabi.lib : exit.obj (.text)
                  000006dc    0000002e     driverlib-cm4f.lib : gpio.obj (.text:GPIODirModeSet)
                  0000070a    00000002     --HOLE-- [fill = 0]
                  0000070c    0000002c     main.obj (.text)
                  00000738    0000001c     driverlib-cm4f.lib : uart.obj (.text:UARTDisable)
                  00000754    00000018     rtsv7M4_T_le_v4SPD16_eabi.lib : args_main.obj (.text)
                  0000076c    00000014     driverlib-cm4f.lib : uart.obj (.text:UARTEnable)
                  00000780    00000014     rtsv7M4_T_le_v4SPD16_eabi.lib : _lock.obj (.text)
                  00000794    00000012     driverlib-cm4f.lib : gpio.obj (.text:GPIOPinTypeUART)
                  000007a6    0000000e     rtsv7M4_T_le_v4SPD16_eabi.lib : copy_decompress_none.obj (.text:decompress:none)
                  000007b4    0000000a     driverlib-cm4f.lib : uart.obj (.text:UARTCharPut)
                  000007be    00000006     rtsv7M4_T_le_v4SPD16_eabi.lib : copy_decompress_rle.obj (.text:decompress:rle24)

.const     0    000007c4    00000124     
                  000007c4    00000078     driverlib-cm4f.lib : gpio.obj (.const:g_pulGPIOBaseAddrs)
                  0000083c    0000006c                        : sysctl.obj (.const:g_pulXtals)
                  000008a8    00000040                        : sysctl.obj (.const)

.cinit     0    000008e8    00000020     
                  000008e8    0000000f     (.cinit..data.load) [load image, compression = rle]
                  000008f7    00000001     --HOLE-- [fill = 0]
                  000008f8    00000008     (__TI_handler_table)
                  00000900    00000008     (__TI_cinit_table)

.stack     0    20000000    00000100     UNINITIALIZED
                  20000000    00000100     --HOLE--

.data      0    20000100    00000014     
                  20000100    00000008     rtsv7M4_T_le_v4SPD16_eabi.lib : _lock.obj (.data)
                  20000108    00000008                                   : exit.obj (.data)
                  20000110    00000004                                   : stkdepth_vars.obj (.data)


LINKER GENERATED COPY TABLES

__TI_cinit_table @ 00000900 records: 1, size/record: 8, table size: 8
	.data: load addr=000008e8, load size=0000000f bytes, run addr=20000100, run size=00000014 bytes, compression=rle


LINKER GENERATED HANDLER TABLE

__TI_handler_table @ 000008f8 records: 2, size/record: 4, table size: 8
	index: 0, handler: __TI_decompress_rle24
	index: 1, handler: __TI_decompress_none


GLOBAL SYMBOLS: SORTED ALPHABETICALLY BY Name 

address    name
--------   ----
0000069d   C$$EXIT
000006dd   GPIODirModeSet
000002d5   GPIOPadConfigSet
00000585   GPIOPinConfigure
00000795   GPIOPinTypeUART
000001d9   InitUARTDebug
00000219   PrintRegValue
UNDEFED    SHT$$INIT_ARRAY$$Base
UNDEFED    SHT$$INIT_ARRAY$$Limit
00000001   SysCtlClockGet
0000052d   SysCtlPeripheralEnable
000007b5   UARTCharPut
00000659   UARTConfigSetExpClk
00000739   UARTDisable
0000076d   UARTEnable
20000100   __STACK_END
00000100   __STACK_SIZE
20000100   __STACK_TOP
00000900   __TI_CINIT_Base
00000908   __TI_CINIT_Limit
000008f8   __TI_Handler_Table_Base
00000900   __TI_Handler_Table_Limit
00000001   __TI_args_main
00000439   __TI_auto_init
000007a7   __TI_decompress_none
000007bf   __TI_decompress_rle24
00000000   __TI_static_base__
0000039d   __aeabi_memcpy
0000039d   __aeabi_memcpy4
0000039d   __aeabi_memcpy8
ffffffff   __binit__
ffffffff   __c_args__
20000000   __stack
00000755   _args_main
000005cd   _c_int00
20000108   _cleanup_ptr
2000010c   _dtors_ptr
20000100   _lock
0000078f   _nop
00000787   _register_lock
00000781   _register_unlock
20000104   _unlock
000006a1   abort
ffffffff   binit
00000615   copy_in
000006a9   exit
0000070d   main
20000110   main_func_sp
0000039d   memcpy


GLOBAL SYMBOLS: SORTED BY Symbol Address 

address    name
--------   ----
00000000   __TI_static_base__
00000001   SysCtlClockGet
00000001   __TI_args_main
00000100   __STACK_SIZE
000001d9   InitUARTDebug
00000219   PrintRegValue
000002d5   GPIOPadConfigSet
0000039d   __aeabi_memcpy
0000039d   __aeabi_memcpy4
0000039d   __aeabi_memcpy8
0000039d   memcpy
00000439   __TI_auto_init
0000052d   SysCtlPeripheralEnable
00000585   GPIOPinConfigure
000005cd   _c_int00
00000615   copy_in
00000659   UARTConfigSetExpClk
0000069d   C$$EXIT
000006a1   abort
000006a9   exit
000006dd   GPIODirModeSet
0000070d   main
00000739   UARTDisable
00000755   _args_main
0000076d   UARTEnable
00000781   _register_unlock
00000787   _register_lock
0000078f   _nop
00000795   GPIOPinTypeUART
000007a7   __TI_decompress_none
000007b5   UARTCharPut
000007bf   __TI_decompress_rle24
000008f8   __TI_Handler_Table_Base
00000900   __TI_CINIT_Base
00000900   __TI_Handler_Table_Limit
00000908   __TI_CINIT_Limit
20000000   __stack
20000100   __STACK_END
20000100   __STACK_TOP
20000100   _lock
20000104   _unlock
20000108   _cleanup_ptr
2000010c   _dtors_ptr
20000110   main_func_sp
ffffffff   __binit__
ffffffff   __c_args__
ffffffff   binit
UNDEFED    SHT$$INIT_ARRAY$$Base
UNDEFED    SHT$$INIT_ARRAY$$Limit

[49 symbols]
